// Jest Snapshot v1, https://goo.gl/fbAQLP

exports[`renders homepage unchanged 1`] = `
<div>
  <h1
    class="h1"
  >
    POSTS
  </h1>
  <button
    class="createButton"
  >
    <a
      href="/posts/create"
    >
      Create
    </a>
  </button>
  <button
    class="viewButton"
  >
    <a
      href="/posts"
    >
      View
    </a>
  </button>
  <button
    class="updateButton"
  >
    <a
      href="/posts"
    >
      Update
    </a>
  </button>
</div>
`;
